[shivamholidays.in/index.html]
[backblue.gif]
[fade.gif]
[index.html]
[www.google.com/recaptcha/api35fc.js]
[shivamholidays.in/wp-includes/css/dist/block-library/style.minb6a4.css]
[shivamholidays.in/wp-content/plugins/contact-form-7/includes/css/styles77e1.css]
[shivamholidays.in/wp-content/plugins/designthemes-core-features/shortcodes/css/animationsb6a4.css]
[shivamholidays.in/wp-content/plugins/designthemes-core-features/shortcodes/css/shortcodesb6a4.css]
[shivamholidays.in/feed/index.html]
[shivamholidays.in/wp-content/plugins/wp-whatsapp-chat/build/frontend/css/style3781.css]
[shivamholidays.in/wp-content/plugins/sticky-popup/css/sticky-popup62ea.css]
[shivamholidays.in/comments/feed/index.html]
[shivamholidays.in/wp-content/plugins/js_composer/assets/css/js_composer.min4d6f.css]
[shivamholidays.in/wp-content/uploads/smile_fonts/Defaults/Defaults4ca6.css]
[shivamholidays.in/wp-content/plugins/Ultimate_VC_Addons/assets/min-css/style.min4ca6.css]
[shivamholidays.in/wp-content/plugins/Ultimate_VC_Addons/assets/min-css/animate.min4ca6.css]
[shivamholidays.in/wp-content/plugins/Ultimate_VC_Addons/assets/min-css/flip-box.min4ca6.css]
[shivamholidays.in/wp-content/plugins/Ultimate_VC_Addons/assets/min-css/info-box.min4ca6.css]
[shivamholidays.in/wp-content/themes/css/reset7793.css]
[shivamholidays.in/wp-content/themes/style7793.css]
[shivamholidays.in/wp-content/plugins/js_composer/assets/lib/prettyphoto/css/prettyPhoto.min4d6f.css]
[shivamholidays.in/wp-content/themes/css/jquery.fancybox7793.css]
[shivamholidays.in/wp-content/themes/css/font-awesome.minb2f9.css]
[shivamholidays.in/wp-content/themes/css/pe-icon-7-strokeb6a4.css]
[shivamholidays.in/wp-content/themes/css/stroke-gap-icons-styleb6a4.css]
[shivamholidays.in/wp-content/themes/tribe-events/custom7793.css]
[shivamholidays.in/wp-content/themes/css/responsive7793.css]
[shivamholidays.in/wp-includes/js/jquery/jquery.minf43b.js]
[shivamholidays.in/wp-includes/js/jquery/jquery-migrate.min5589.js]
[shivamholidays.in/wp-content/plugins/cf7-invisible-recaptcha/js/cf7_invisible_recaptcha9632.js]
[shivamholidays.in/wp-content/plugins/sticky-popup/js/modernizr.custom62ea.js]
[shivamholidays.in/wp-content/plugins/Ultimate_VC_Addons/assets/min-js/ultimate-params.min4ca6.js]
[shivamholidays.in/wp-content/plugins/Ultimate_VC_Addons/assets/min-js/jquery-appear.min4ca6.js]
[shivamholidays.in/wp-content/plugins/Ultimate_VC_Addons/assets/min-js/custom.min4ca6.js]
[shivamholidays.in/wp-content/themes/functions/js/modernizr.customb6a4.js]
[shivamholidays.in/wp-json/wp/v2/pages/16645.json]
[shivamholidays.in/wp-json/index.html]
[shivamholidays.in/xmlrpc0db0.php]
[shivamholidays.in/wp-json/oembed/1.0/embed5bcb.json]
[shivamholidays.in/wp-json/oembed/1.0/embed738b]
[shivamholidays.in/wp-content/uploads/2022/11/shivam-logo-1.png]
[shivamholidays.in/wp-content/uploads/2018/11/global-map.jpg]
[shivamholidays.in/wp-content/uploads/2018/11/shivam-logo.png]
[shivamholidays.in/wp-content/plugins/revslider/public/assets/assets/dummy.png]
[shivamholidays.in/wp-content/uploads/2018/11/Untitled-1.png]
[shivamholidays.in/wp-content/uploads/2018/11/PASSPORT.jpg]
[shivamholidays.in/wp-content/uploads/2018/11/ATTESTATION.jpg]
[shivamholidays.in/wp-content/uploads/2018/11/TRAVEL-INSURANCE.jpg]
[shivamholidays.in/wp-content/uploads/2018/11/educational-tour.jpg]
[shivamholidays.in/wp-content/uploads/2018/11/TICKET-AND-HOTELS.jpg]
[shivamholidays.in/wp-content/uploads/2018/11/PACKAGES.jpg]
[shivamholidays.in/wp-content/uploads/2018/11/new-zeland.jpg]
[shivamholidays.in/wp-content/uploads/2018/11/malaysia.jpg]
[shivamholidays.in/wp-content/uploads/2018/11/SINGAPORE.jpg]
[shivamholidays.in/wp-content/uploads/2018/11/SRILANKA.jpg]
[shivamholidays.in/wp-content/uploads/2018/11/MALDIVES.jpg]
[shivamholidays.in/wp-content/uploads/2018/11/CANADA.jpg]
[shivamholidays.in/wp-content/uploads/2018/11/AUSTRALIA.jpg]
[shivamholidays.in/wp-content/uploads/2018/11/CHINA.jpg]
[shivamholidays.in/wp-content/uploads/2018/11/IMG-20181115-WA0007-1024x683.jpg]
[shivamholidays.in/wp-content/uploads/2018/11/IMG-20181115-WA0007-370x300.jpg]
[shivamholidays.in/wp-content/uploads/2018/11/IMG-20181115-WA0008-1024x602.jpg]
[shivamholidays.in/wp-content/uploads/2018/11/IMG-20181115-WA0008-370x300.jpg]
[shivamholidays.in/wp-content/uploads/2018/11/IMG-20181115-WA0012-1024x682.jpg]
[shivamholidays.in/wp-content/uploads/2018/11/IMG-20181115-WA0012-370x300.jpg]
[shivamholidays.in/wp-content/uploads/2022/10/1.jpg]
[shivamholidays.in/wp-content/uploads/2022/10/1-370x300.jpg]
[shivamholidays.in/wp-content/uploads/2022/10/2.jpg]
[shivamholidays.in/wp-content/uploads/2022/10/2-370x300.jpg]
[shivamholidays.in/wp-content/uploads/2022/10/3.jpg]
[shivamholidays.in/wp-content/uploads/2022/10/3-370x300.jpg]
[shivamholidays.in/wp-content/uploads/2022/10/4.jpg]
[shivamholidays.in/wp-content/uploads/2022/10/4-370x300.jpg]
[shivamholidays.in/wp-content/uploads/2022/10/5.jpg]
[shivamholidays.in/wp-content/uploads/2022/10/5-370x300.jpg]
[shivamholidays.in/wp-content/uploads/2022/10/6.jpg]
[shivamholidays.in/wp-content/uploads/2022/10/6-370x300.jpg]
[shivamholidays.in/wp-content/uploads/2018/11/educational-tour-370x225.jpg]
[shivamholidays.in/wp-content/uploads/2022/10/7.jpg]
[shivamholidays.in/wp-content/uploads/2022/10/7-370x300.jpg]
[shivamholidays.in/wp-content/uploads/2022/10/9.jpg]
[shivamholidays.in/wp-content/uploads/2022/10/9-370x300.jpg]
[shivamholidays.in/wp-content/plugins/js_composer/assets/css/lib/isotope.min4d6f.css]
[shivamholidays.in/wp-content/plugins/js_composer/assets/lib/lightbox2/dist/css/lightbox.min4d6f.css]
[shivamholidays.in/wp-content/plugins/Ultimate_VC_Addons/assets/min-css/background-style.min4ca6.css]
[shivamholidays.in/wp-content/plugins/planso-forms/css/font-awesome-4.3.0/css/font-awesome.minae82.css]
[shivamholidays.in/wp-content/plugins/planso-forms/css/planso_bootstrap/bootstrap.gridb6a4.css]
[shivamholidays.in/wp-content/plugins/planso-forms/js/bootstrap/bootstrap-datetimepicker/bootstrap-datetimepicker.min6198.css]
[shivamholidays.in/wp-content/plugins/planso-forms/css/planso_bootstrap/bootstrap.dropdownb6a4.css]
[shivamholidays.in/wp-content/plugins/revslider/public/assets/css/rs64261.css]
[shivamholidays.in/wp-content/plugins/contact-form-7/includes/swv/js/index77e1.js]
[shivamholidays.in/wp-content/plugins/contact-form-7/includes/js/index77e1.js]
[shivamholidays.in/wp-content/plugins/designthemes-core-features/shortcodes/js/jquery.tabs.minb6a4.js]
[shivamholidays.in/wp-content/plugins/designthemes-core-features/shortcodes/js/jquery.tipTip.minifiedb6a4.js]
[shivamholidays.in/wp-content/plugins/designthemes-core-features/shortcodes/js/jquery.inviewb6a4.js]
[shivamholidays.in/wp-content/plugins/designthemes-core-features/shortcodes/js/jquery.animateNumber.minb6a4.js]
[shivamholidays.in/wp-content/plugins/designthemes-core-features/shortcodes/js/jquery.donutchartb6a4.js]
[shivamholidays.in/wp-content/plugins/designthemes-core-features/shortcodes/js/shortcodesb6a4.js]
[shivamholidays.in/wp-content/plugins/revslider/public/assets/js/rs6.min4261.js]
[shivamholidays.in/wp-content/themes/functions/js/jquery.ui.totop.minb6a4.js]
[shivamholidays.in/wp-content/plugins/revslider/public/assets/js/rbtools.min4261.js]
[shivamholidays.in/wp-content/themes/functions/js/jquery.pluginsb6a4.js]
[shivamholidays.in/wp-content/themes/functions/js/jquery.visualNav.minb6a4.js]
[shivamholidays.in/wp-content/themes/functions/js/customb6a4.js]
[shivamholidays.in/wp-content/plugins/wp-whatsapp-chat/build/frontend/js/indexfff7.js]
[shivamholidays.in/wp-content/plugins/Ultimate_VC_Addons/assets/min-js/info-box.min4ca6.js]
[shivamholidays.in/wp-content/plugins/Ultimate_VC_Addons/assets/min-js/flip-box.min4ca6.js]
[shivamholidays.in/wp-content/plugins/js_composer/assets/js/dist/js_composer_front.min4d6f.js]
[shivamholidays.in/wp-content/plugins/js_composer/assets/lib/bower/imagesloaded/imagesloaded.pkgd.min4d6f.js]
[shivamholidays.in/wp-content/plugins/js_composer/assets/lib/bower/isotope/dist/isotope.pkgd.min4d6f.js]
[shivamholidays.in/wp-content/plugins/js_composer/assets/lib/lightbox2/dist/js/lightbox.min4d6f.js]
[shivamholidays.in/wp-content/plugins/Ultimate_VC_Addons/assets/min-js/ultimate_bg.min4ca6.js]
[shivamholidays.in/wp-content/plugins/planso-forms/js/bootstrap/src/collapseee9a.js]
[shivamholidays.in/wp-content/plugins/planso-forms/js/bootstrap/src/transitionee9a.js]
[shivamholidays.in/wp-includes/js/dist/vendor/moment.min1bc8.js]
[shivamholidays.in/wp-content/plugins/planso-forms/js/bootstrap/bootstrap-datetimepicker/bootstrap-datetimepicker.min6198.js]
[shivamholidays.in/wp-content/plugins/planso-forms/js/planso-form-builderad05.js]
[shivamholidays.in/index.html]
[shivamholidays.in/wp-includes/css/dist/block-library/style.minb6a4.css]
[shivamholidays.in/wp-content/plugins/contact-form-7/includes/css/styles77e1.css]
[shivamholidays.in/wp-content/plugins/designthemes-core-features/shortcodes/css/animationsb6a4.css]
[shivamholidays.in/wp-content/plugins/designthemes-core-features/shortcodes/images/services-shadow.png]
[shivamholidays.in/wp-content/plugins/designthemes-core-features/shortcodes/images/title-pattern.png]
[shivamholidays.in/wp-content/plugins/designthemes-core-features/shortcodes/css/PIE.htc]
[shivamholidays.in/wp-content/plugins/designthemes-core-features/shortcodes/images/grey-pattern.png]
[shivamholidays.in/wp-content/plugins/designthemes-core-features/shortcodes/images/hexagon-shape-pattern.png]
[shivamholidays.in/wp-content/plugins/designthemes-core-features/shortcodes/images/newsletter-tooltip-arrow.png]
[shivamholidays.in/wp-content/plugins/designthemes-core-features/shortcodes/images/ribbon.png]
[shivamholidays.in/wp-content/plugins/designthemes-core-features/shortcodes/images/video-img-overlay.png]
[shivamholidays.in/wp-content/plugins/designthemes-core-features/shortcodes/images/newsletter-tooltip-arrow@2x.png]
[shivamholidays.in/wp-content/plugins/designthemes-core-features/shortcodes/images/loading_icon.gif]
[shivamholidays.in/wp-content/plugins/designthemes-core-features/shortcodes/css/shortcodesb6a4.css]
[shivamholidays.in/wp-content/plugins/wp-whatsapp-chat/build/frontend/css/style3781.css]
[shivamholidays.in/wp-content/plugins/sticky-popup/css/sticky-popup62ea.css]
[shivamholidays.in/wp-content/plugins/js_composer/assets/vc/alert.png]
[shivamholidays.in/wp-content/plugins/js_composer/assets/vc/info.png]
[shivamholidays.in/wp-content/plugins/js_composer/assets/vc/tick.png]
[shivamholidays.in/wp-content/plugins/js_composer/assets/vc/exclamation.png]
[shivamholidays.in/wp-content/plugins/js_composer/assets/images/icons/address-book.png]
[shivamholidays.in/wp-content/plugins/js_composer/assets/images/icons/alarm-clock.png]
[shivamholidays.in/wp-content/plugins/js_composer/assets/images/icons/anchor.png]
[shivamholidays.in/wp-content/plugins/js_composer/assets/images/icons/application-image.png]
[shivamholidays.in/wp-content/plugins/js_composer/assets/images/icons/arrow.png]
[shivamholidays.in/wp-content/plugins/js_composer/assets/images/icons/asterisk.png]
[shivamholidays.in/wp-content/plugins/js_composer/assets/images/icons/auction-hammer.png]
[shivamholidays.in/wp-content/plugins/js_composer/assets/images/icons/balloon.png]
[shivamholidays.in/wp-content/plugins/js_composer/assets/images/icons/balloon-buzz.png]
[shivamholidays.in/wp-content/plugins/js_composer/assets/images/icons/balloon-facebook.png]
[shivamholidays.in/wp-content/plugins/js_composer/assets/images/icons/balloon-twitter.png]
[shivamholidays.in/wp-content/plugins/js_composer/assets/images/icons/battery-full.png]
[shivamholidays.in/wp-content/plugins/js_composer/assets/images/icons/binocular.png]
[shivamholidays.in/wp-content/plugins/js_composer/assets/images/icons/blue-document-excel.png]
[shivamholidays.in/wp-content/plugins/js_composer/assets/images/icons/blue-document-image.png]
[shivamholidays.in/wp-content/plugins/js_composer/assets/images/icons/blue-document-music.png]
[shivamholidays.in/wp-content/plugins/js_composer/assets/images/icons/blue-document-office.png]
[shivamholidays.in/wp-content/plugins/js_composer/assets/images/icons/blue-document-pdf.png]
[shivamholidays.in/wp-content/plugins/js_composer/assets/images/icons/blue-document-powerpoint.png]
[shivamholidays.in/wp-content/plugins/js_composer/assets/images/icons/blue-document-word.png]
[shivamholidays.in/wp-content/plugins/js_composer/assets/images/icons/bookmark.png]
[shivamholidays.in/wp-content/plugins/js_composer/assets/images/icons/camcorder.png]
[shivamholidays.in/wp-content/plugins/js_composer/assets/images/icons/camera.png]
[shivamholidays.in/wp-content/plugins/js_composer/assets/images/icons/chart.png]
[shivamholidays.in/wp-content/plugins/js_composer/assets/images/icons/chart-pie.png]
[shivamholidays.in/wp-content/plugins/js_composer/assets/images/icons/clock.png]
[shivamholidays.in/wp-content/plugins/js_composer/assets/images/icons/control.png]
[shivamholidays.in/wp-content/plugins/js_composer/assets/images/icons/fire.png]
[shivamholidays.in/wp-content/plugins/js_composer/assets/images/icons/heart.png]
[shivamholidays.in/wp-content/plugins/js_composer/assets/images/icons/mail.png]
[shivamholidays.in/wp-content/plugins/js_composer/assets/images/icons/plus-shield.png]
[shivamholidays.in/wp-content/plugins/js_composer/assets/images/icons/video.png]
[shivamholidays.in/wp-content/plugins/js_composer/assets/fonts/vc_icons_v3/fonts/vcpb-plugin-icons726d.eot]
[shivamholidays.in/wp-content/plugins/js_composer/assets/fonts/vc_icons_v3/fonts/vcpb-plugin-icons726d.ttf]
[shivamholidays.in/wp-content/plugins/js_composer/assets/fonts/vc_icons_v3/fonts/vcpb-plugin-icons726d.woff]
[shivamholidays.in/wp-content/plugins/js_composer/assets/fonts/vc_icons_v3/fonts/vcpb-plugin-icons726d.svg]
[shivamholidays.in/wp-content/plugins/js_composer/assets/images/toggle_open.png]
[shivamholidays.in/wp-content/plugins/js_composer/assets/images/toggle_close.png]
[shivamholidays.in/wp-content/plugins/js_composer/assets/images/flickr.png]
[shivamholidays.in/wp-content/plugins/js_composer/assets/fonts/vc_grid/vc_grid_v157a1.eot]
[shivamholidays.in/wp-content/plugins/js_composer/assets/fonts/vc_grid/vc_grid_v1d41d.eot]
[shivamholidays.in/wp-content/plugins/js_composer/assets/fonts/vc_grid/vc_grid_v157a1.woff]
[shivamholidays.in/wp-content/plugins/js_composer/assets/fonts/vc_grid/vc_grid_v157a1.ttf]
[shivamholidays.in/wp-content/plugins/js_composer/assets/fonts/vc_grid/vc_grid_v157a1.svg]
[shivamholidays.in/wp-content/plugins/js_composer/assets/images/spinner.gif]
[shivamholidays.in/wp-content/plugins/js_composer/assets/vc/remove.png]
[shivamholidays.in/wp-content/plugins/js_composer/assets/css/js_composer.min4d6f.css]
[shivamholidays.in/wp-content/uploads/smile_fonts/Defaults/Defaults21ea.eot]
[shivamholidays.in/wp-content/uploads/smile_fonts/Defaults/Defaultsd41d.eot]
[shivamholidays.in/wp-content/uploads/smile_fonts/Defaults/Defaults4ca6.css]
[shivamholidays.in/wp-content/plugins/Ultimate_VC_Addons/assets/min-css/style.min4ca6.css]
[shivamholidays.in/wp-content/plugins/Ultimate_VC_Addons/assets/min-css/animate.min4ca6.css]
[shivamholidays.in/wp-content/plugins/Ultimate_VC_Addons/assets/min-css/flip-box.min4ca6.css]
[shivamholidays.in/wp-content/plugins/Ultimate_VC_Addons/assets/min-css/info-box.min4ca6.css]
[shivamholidays.in/wp-content/themes/css/reset7793.css]
[shivamholidays.in/wp-content/uploads/smile_fonts/Defaults/Defaults21ea.ttf]
[shivamholidays.in/wp-content/uploads/smile_fonts/Defaults/Defaults21ea.woff]
[shivamholidays.in/wp-content/uploads/smile_fonts/Defaults/Defaults21ea.svg]
[shivamholidays.in/wp-content/themes/images/sidebar/sidebar-title-grey-pattern.png]
[shivamholidays.in/wp-content/themes/images/sidebar/sidebar-title-arrow.png]
[shivamholidays.in/wp-content/themes/images/sidebar/sidebar-title-shape.png]
[shivamholidays.in/wp-content/themes/images/sidebar/sidebar-title-floral2.png]
[shivamholidays.in/wp-content/themes/images/side-nav-active.png]
[shivamholidays.in/wp-content/themes/images/bordered-circle.png]
[shivamholidays.in/wp-content/themes/images/slanting-bg.png]
[shivamholidays.in/wp-content/themes/images/totop.png]
[shivamholidays.in/wp-content/themes/images/totop_after.png]
[shivamholidays.in/wp-content/themes/style7793.css]
[shivamholidays.in/wp-content/plugins/js_composer/assets/lib/prettyphoto/images/prettyPhoto/default/sprite.png]
[shivamholidays.in/wp-content/plugins/js_composer/assets/lib/prettyphoto/images/prettyPhoto/default/sprite_x.png]
[shivamholidays.in/wp-content/plugins/js_composer/assets/lib/prettyphoto/images/prettyPhoto/default/sprite_y.png]
[shivamholidays.in/wp-content/plugins/js_composer/assets/lib/prettyphoto/images/prettyPhoto/default/sprite_next.png]
[shivamholidays.in/wp-content/plugins/js_composer/assets/lib/prettyphoto/images/prettyPhoto/default/sprite_prev.png]
[shivamholidays.in/wp-content/plugins/js_composer/assets/lib/prettyphoto/images/prettyPhoto/default/default_thumb.png]
[shivamholidays.in/wp-content/plugins/js_composer/assets/lib/prettyphoto/images/prettyPhoto/default/loader.gif]
[shivamholidays.in/wp-content/plugins/js_composer/assets/lib/prettyphoto/images/prettyPhoto/light_rounded/sprite.png]
[shivamholidays.in/wp-content/plugins/js_composer/assets/lib/prettyphoto/images/prettyPhoto/light_rounded/btnNext.png]
[shivamholidays.in/wp-content/plugins/js_composer/assets/lib/prettyphoto/images/prettyPhoto/light_rounded/btnPrevious.png]
[shivamholidays.in/wp-content/plugins/js_composer/assets/lib/prettyphoto/images/prettyPhoto/light_rounded/loader.gif]
[shivamholidays.in/wp-content/plugins/js_composer/assets/lib/prettyphoto/images/prettyPhoto/dark_rounded/sprite.png]
[shivamholidays.in/wp-content/plugins/js_composer/assets/lib/prettyphoto/images/prettyPhoto/dark_rounded/contentPattern.png]
[shivamholidays.in/wp-content/plugins/js_composer/assets/lib/prettyphoto/images/prettyPhoto/dark_rounded/btnNext.png]
[shivamholidays.in/wp-content/plugins/js_composer/assets/lib/prettyphoto/images/prettyPhoto/dark_rounded/btnPrevious.png]
[shivamholidays.in/wp-content/plugins/js_composer/assets/lib/prettyphoto/images/prettyPhoto/dark_rounded/loader.gif]
[shivamholidays.in/wp-content/plugins/js_composer/assets/lib/prettyphoto/images/prettyPhoto/dark_square/loader.gif]
[shivamholidays.in/wp-content/plugins/js_composer/assets/lib/prettyphoto/images/prettyPhoto/dark_square/sprite.png]
[shivamholidays.in/wp-content/plugins/js_composer/assets/lib/prettyphoto/images/prettyPhoto/dark_square/btnNext.png]
[shivamholidays.in/wp-content/plugins/js_composer/assets/lib/prettyphoto/images/prettyPhoto/dark_square/btnPrevious.png]
[shivamholidays.in/wp-content/plugins/js_composer/assets/lib/prettyphoto/images/prettyPhoto/light_square/sprite.png]
[shivamholidays.in/wp-content/plugins/js_composer/assets/lib/prettyphoto/images/prettyPhoto/light_square/btnNext.png]
[shivamholidays.in/wp-content/plugins/js_composer/assets/lib/prettyphoto/images/prettyPhoto/light_square/btnPrevious.png]
[shivamholidays.in/wp-content/plugins/js_composer/assets/lib/prettyphoto/images/prettyPhoto/facebook/sprite.png]
[shivamholidays.in/wp-content/plugins/js_composer/assets/lib/prettyphoto/images/prettyPhoto/facebook/contentPatternTop.png]
[shivamholidays.in/wp-content/plugins/js_composer/assets/lib/prettyphoto/images/prettyPhoto/facebook/contentPatternLeft.png]
[shivamholidays.in/wp-content/plugins/js_composer/assets/lib/prettyphoto/images/prettyPhoto/facebook/contentPatternRight.png]
[shivamholidays.in/wp-content/plugins/js_composer/assets/lib/prettyphoto/images/prettyPhoto/facebook/loader.gif]
[shivamholidays.in/wp-content/plugins/js_composer/assets/lib/prettyphoto/images/prettyPhoto/facebook/btnNext.png]
[shivamholidays.in/wp-content/plugins/js_composer/assets/lib/prettyphoto/images/prettyPhoto/facebook/btnPrevious.png]
[shivamholidays.in/wp-content/plugins/js_composer/assets/lib/prettyphoto/images/prettyPhoto/facebook/contentPatternBottom.png]
[shivamholidays.in/wp-content/plugins/js_composer/assets/lib/prettyphoto/images/prettyPhoto/facebook/default_thumbnail.gif]
[shivamholidays.in/wp-content/plugins/js_composer/assets/lib/prettyphoto/css/prettyPhoto.min4d6f.css]
[shivamholidays.in/wp-content/themes/images/fancybox/fancybox_sprite.png]
[shivamholidays.in/wp-content/themes/images/fancybox/fancybox_loading.gif]
[shivamholidays.in/wp-content/themes/images/fancybox/blank.gif]
[shivamholidays.in/wp-content/themes/images/fancybox/fancybox_overlay.png]
[shivamholidays.in/wp-content/themes/images/fancybox/fancybox_sprite@2x.png]
[shivamholidays.in/wp-content/themes/images/fancybox/fancybox_loading@2x.gif]
[shivamholidays.in/wp-content/themes/css/jquery.fancybox7793.css]
[shivamholidays.in/wp-content/themes/fonts/fontawesome-webfont3e6e.eot]
[shivamholidays.in/wp-content/themes/fonts/fontawesome-webfontd41d.eot]
[shivamholidays.in/wp-content/themes/fonts/fontawesome-webfont3e6e.woff2]
[shivamholidays.in/wp-content/themes/fonts/fontawesome-webfont3e6e.woff]
[shivamholidays.in/wp-content/themes/fonts/fontawesome-webfont3e6e.ttf]
[shivamholidays.in/wp-content/themes/css/font-awesome.minb2f9.css]
[shivamholidays.in/wp-content/themes/fonts/fontawesome-webfont3e6e.svg]
[shivamholidays.in/wp-content/themes/fonts/Pe-icon-7-strokebb1d.eot]
[shivamholidays.in/wp-content/themes/fonts/Pe-icon-7-stroked41d.eot]
[shivamholidays.in/wp-content/themes/fonts/Pe-icon-7-strokebb1d.woff]
[shivamholidays.in/wp-content/themes/fonts/Pe-icon-7-strokebb1d.ttf]
[shivamholidays.in/wp-content/themes/css/pe-icon-7-strokeb6a4.css]
[shivamholidays.in/wp-content/themes/fonts/Pe-icon-7-strokebb1d.svg]
[shivamholidays.in/wp-content/themes/css/stroke-gap-icons-styleb6a4.css]
[shivamholidays.in/wp-content/themes/tribe-events/custom7793.css]
[shivamholidays.in/wp-content/themes/css/responsive7793.css]
[shivamholidays.in/wp-content/themes/css/custom7793.css]
[shivamholidays.in/wp-includes/js/jquery/jquery.minf43b.js]
[shivamholidays.in/wp-includes/js/jquery/jquery-migrate.min5589.js]
[shivamholidays.in/wp-content/plugins/cf7-invisible-recaptcha/js/cf7_invisible_recaptcha9632.js]
[shivamholidays.in/wp-content/plugins/sticky-popup/js/modernizr.custom62ea.js]
[shivamholidays.in/wp-content/plugins/Ultimate_VC_Addons/assets/min-js/ultimate-params.min4ca6.js]
[shivamholidays.in/wp-content/plugins/Ultimate_VC_Addons/assets/min-js/jquery-appear.min4ca6.js]
[shivamholidays.in/wp-content/plugins/Ultimate_VC_Addons/assets/min-js/custom.min4ca6.js]
[shivamholidays.in/wp-content/themes/functions/js/modernizr.customb6a4.js]
[shivamholidays.in/wp-content/plugins/js_composer/assets/css/lib/isotope.min4d6f.css]
[shivamholidays.in/wp-content/themes/fonts/Stroke-Gap-Icons.eot]
[shivamholidays.in/wp-content/plugins/js_composer/assets/lib/lightbox2/dist/images/loading.gif]
[shivamholidays.in/wp-content/plugins/js_composer/assets/lib/lightbox2/dist/css/lightbox.min4d6f.css]
[shivamholidays.in/wp-content/plugins/Ultimate_VC_Addons/assets/min-css/background-style.min4ca6.css]
[shivamholidays.in/wp-content/plugins/planso-forms/css/font-awesome-4.3.0/fonts/fontawesome-webfonte0a5.eot]
[shivamholidays.in/wp-content/plugins/planso-forms/css/font-awesome-4.3.0/fonts/fontawesome-webfontd41d.eot]
[shivamholidays.in/wp-content/plugins/planso-forms/css/font-awesome-4.3.0/fonts/fontawesome-webfonte0a5.woff2]
[shivamholidays.in/wp-content/plugins/planso-forms/css/font-awesome-4.3.0/fonts/fontawesome-webfonte0a5.woff]
[shivamholidays.in/wp-content/plugins/planso-forms/css/font-awesome-4.3.0/fonts/fontawesome-webfonte0a5.ttf]
[shivamholidays.in/wp-content/plugins/planso-forms/css/font-awesome-4.3.0/css/font-awesome.minae82.css]
[shivamholidays.in/wp-content/plugins/planso-forms/css/planso_bootstrap/bootstrap.gridb6a4.css]
[shivamholidays.in/wp-content/plugins/planso-forms/js/bootstrap/bootstrap-datetimepicker/bootstrap-datetimepicker.min6198.css]
[shivamholidays.in/wp-content/plugins/planso-forms/css/planso_bootstrap/bootstrap.dropdownb6a4.css]
[shivamholidays.in/wp-content/plugins/planso-forms/css/font-awesome-4.3.0/fonts/fontawesome-webfonte0a5.svg]
[shivamholidays.in/wp-content/plugins/revslider/public/assets/fonts/revicons/revicons90c6.eot]
[shivamholidays.in/wp-content/plugins/revslider/public/assets/fonts/revicons/revicons90c6.woff]
[shivamholidays.in/wp-content/plugins/revslider/public/assets/fonts/revicons/revicons90c6.ttf]
[shivamholidays.in/wp-content/plugins/revslider/public/assets/fonts/revicons/revicons90c6.svg]
[shivamholidays.in/wp-content/plugins/revslider/public/assets/css/openhand.cur]
[shivamholidays.in/wp-content/plugins/revslider/public/assets/css/closedhand.cur]
[shivamholidays.in/wp-content/plugins/revslider/public/assets/assets/gridtile.png]
[shivamholidays.in/wp-content/plugins/revslider/public/assets/assets/gridtile_white.png]
[shivamholidays.in/wp-content/plugins/revslider/public/assets/assets/gridtile_3x3.png]
[shivamholidays.in/wp-content/plugins/revslider/public/assets/assets/gridtile_3x3_white.png]
[shivamholidays.in/wp-content/plugins/revslider/public/assets/assets/coloredbg.png]
[shivamholidays.in/wp-content/plugins/revslider/public/assets/assets/loader.gif]
[shivamholidays.in/wp-content/plugins/revslider/public/assets/css/rs64261.css]
[shivamholidays.in/wp-content/plugins/contact-form-7/includes/swv/js/index77e1.js]
[shivamholidays.in/wp-content/plugins/contact-form-7/includes/js/index77e1.js]
[shivamholidays.in/dt_portfolios/tate-eleifend-vulpu/index.html]
[shivamholidays.in/click.T]
[shivamholidays.in/wp-content/plugins/designthemes-core-features/shortcodes/js/jquery.tabs.minb6a4.js]
[shivamholidays.in/wp-content/plugins/designthemes-core-features/shortcodes/js/jquery.tipTip.minifiedb6a4.js]
[shivamholidays.in/wp-content/plugins/designthemes-core-features/shortcodes/js/jquery.inviewb6a4.js]
[shivamholidays.in/wp-content/plugins/designthemes-core-features/shortcodes/js/jquery.animateNumber.minb6a4.js]
[shivamholidays.in/wp-content/plugins/designthemes-core-features/shortcodes/js/jquery.donutchartb6a4.js]
[shivamholidays.in/wp-content/plugins/designthemes-core-features/shortcodes/js/shortcodesb6a4.js]
[shivamholidays.in/wp-content/plugins/revslider/public/assets/js/rbtools.min4261.js]
[shivamholidays.in/dummy.png]
[shivamholidays.in/wp-content/plugins/revslider/public/assets/js/rs6.min4261.js]
[shivamholidays.in/wp-content/themes/functions/js/jquery.ui.totop.minb6a4.js]
[player.vimeo.com/api/player.js]
[shivamholidays.in/HEAD]
[shivamholidays.in/wp-content/themes/functions/js/jquery.pluginsb6a4.js]
[shivamholidays.in/wp-content/themes/functions/js/jquery.visualNav.minb6a4.js]
[shivamholidays.in/wp-content/themes/functions/js/customb6a4.js]
[shivamholidays.in/wp-content/plugins/wp-whatsapp-chat/build/frontend/js/indexfff7.js]
[shivamholidays.in/wp-content/plugins/Ultimate_VC_Addons/assets/min-js/info-box.min4ca6.js]
[shivamholidays.in/wp-content/plugins/Ultimate_VC_Addons/assets/min-js/flip-box.min4ca6.js]
[apis.google.com/js/plusone.js]
[shivamholidays.in/youtu.be/index.html]
[assets.pinterest.com/js/pinit.js]
[shivamholidays.in/wp-content/plugins/js_composer/assets/js/dist/js_composer_front.min4d6f.js]
[shivamholidays.in/wp-content/plugins/js_composer/assets/lib/bower/imagesloaded/imagesloaded.pkgd.min4d6f.js]
[shivamholidays.in/wp-content/plugins/js_composer/assets/lib/bower/isotope/dist/isotope.pkgd.min4d6f.js]
[shivamholidays.in/wp-content/plugins/js_composer/assets/lib/lightbox2/dist/js/lightbox.min4d6f.js]
[shivamholidays.in/wp-content/plugins/Ultimate_VC_Addons/assets/min-js/ultimate_bg.min4ca6.js]
[shivamholidays.in/wp-content/plugins/planso-forms/js/bootstrap/src/collapseee9a.js]
[shivamholidays.in/wp-content/plugins/planso-forms/js/bootstrap/src/transitionee9a.js]
[shivamholidays.in/wp-includes/js/dist/vendor/moment.min1bc8.js]
[shivamholidays.in/wp-content/plugins/planso-forms/js/bootstrap/bootstrap-datetimepicker/bootstrap-datetimepicker.min6198.js]
[shivamholidays.in/wp-content/plugins/planso-forms/js/planso-form-builderad05.js]
[shivamholidays.in/wp-content/plugins/designthemes-core-features/shortcodes/css/PIE.html]
[shivamholidays.in/wp-content/plugins/js_composer/assets/fonts/vc_icons_v3/fonts/vcpb-plugin-icons726d.svg]
[shivamholidays.in/wp-content/plugins/js_composer/assets/vc/blur.svg]
[shivamholidays.in/wp-content/plugins/js_composer/assets/fonts/vc_grid/vc_grid_v157a1.svg]
[shivamholidays.in/wp-content/uploads/smile_fonts/Defaults/Defaults21ea.svg]
[shivamholidays.in/wp-content/themes/images/bordered-circle.html]
[shivamholidays.in/wp-content/themes/images/slanting-bg.html]
[shivamholidays.in/wp-content/themes/fonts/fontawesome-webfont3e6e.svg]
[shivamholidays.in/wp-content/themes/fonts/Pe-icon-7-strokebb1d.svg]
[shivamholidays.in/wp-content/plugins/planso-forms/css/font-awesome-4.3.0/fonts/fontawesome-webfonte0a5.svg]
[shivamholidays.in/wp-content/plugins/revslider/public/assets/fonts/revicons/revicons90c6.svg]
[shivamholidays.in/vimeo.com/index.html]
[shivamholidays.in/wp-json/oembed/1.0/embed31dc.json]
[shivamholidays.in/dt_portfolios/tate-eleifend-vulpu/feed/index.html]
[shivamholidays.in/wp-json/oembed/1.0/embed0c4e]
[shivamholidays.in/dt_portfolios/tate-eleifend-vulpu/index.html]
[shivamholidays.in/click.html]
[shivamholidays.in/dummy.html]
[shivamholidays.in/wp-includes/js/comment-reply.minb6a4.js]
[shivamholidays.in/origin=https_/index.html]
[shivamholidays.in/youtu.be/index.html]
[shivamholidays.in/HEAD.html]
[shivamholidays.in/vimeo.com/index.html]
[shivamholidays.in/index351b.html]
[shivamholidays.in/portfolio_entries/tattoo-secondary/index.html]
[shivamholidays.in/portfolio_entries/tattoo-secondary/index.html]
[shivamholidays.in/dt_portfolios/vulputate-eleifend/index.html]
[shivamholidays.in/portfolio_entries/tattoo-secondary/feed/index.html]
[shivamholidays.in/dt_portfolios/maecenas-tempus-tellus/index.html]
[shivamholidays.in/dt_portfolios/luctus-pulvinar-hendrerit/index.html]
[shivamholidays.in/dt_portfolios/cras-dapibus-vivamus/index.html]
[shivamholidays.in/wp-json/oembed/1.0/embed6748.json]
[shivamholidays.in/dt_portfolios/integer-tincidunt/index.html]
[shivamholidays.in/portfolio_entries/tattoo-primary/index.html]
[shivamholidays.in/wp-json/oembed/1.0/embedfbed]
[shivamholidays.in/dt_portfolios/vulputate-eleifend/index.html]
[shivamholidays.in/dt_portfolios/pede-mollis-pretium/index.html]
[shivamholidays.in/dt_portfolios/etiam-ultricies-nisivel/index.html]
[shivamholidays.in/dt_portfolios/vulputate-eleifend/feed/index.html]
[shivamholidays.in/wp-json/oembed/1.0/embed75d0.json]
[shivamholidays.in/dt_portfolios/luctus-pulvinar-hendrerit/feed/index.html]
[shivamholidays.in/wp-json/oembed/1.0/embed5d58]
[shivamholidays.in/dt_portfolios/luctus-pulvinar-hendrerit/index.html]
[shivamholidays.in/wp-includes/js/comment-reply.minb6a4.js]
[shivamholidays.in/dt_portfolios/maecenas-tempus-tellus/feed/index.html]
[shivamholidays.in/wp-json/oembed/1.0/embed14db.json]
[shivamholidays.in/dt_portfolios/maecenas-tempus-tellus/index.html]
[shivamholidays.in/wp-json/oembed/1.0/embed3930]
[shivamholidays.in/wp-json/oembed/1.0/embed5060.json]
[shivamholidays.in/dt_portfolios/cras-dapibus-vivamus/feed/index.html]
[shivamholidays.in/dt_portfolios/cras-dapibus-vivamus/index.html]
[shivamholidays.in/wp-json/oembed/1.0/embed517d]
[shivamholidays.in/wp-json/oembed/1.0/embed5279.json]
[shivamholidays.in/dt_portfolios/integer-tincidunt/feed/index.html]
[shivamholidays.in/dt_portfolios/integer-tincidunt/index.html]
[shivamholidays.in/portfolio_entries/tattoo-primary/index.html]
[shivamholidays.in/wp-json/oembed/1.0/embed5e9d]
[shivamholidays.in/portfolio_entries/tattoo-primary/feed/index.html]
[shivamholidays.in/wp-json/oembed/1.0/embede11e.json]
[shivamholidays.in/dt_portfolios/pede-mollis-pretium/feed/index.html]
[shivamholidays.in/dt_portfolios/pede-mollis-pretium/index.html]
[shivamholidays.in/wp-json/oembed/1.0/embedf6c6]
[shivamholidays.in/wp-json/oembed/1.0/embed8eab.json]
[shivamholidays.in/dt_portfolios/etiam-ultricies-nisivel/feed/index.html]
[shivamholidays.in/wp-json/oembed/1.0/embede4ae]
[shivamholidays.in/dt_portfolios/etiam-ultricies-nisivel/index.html]
[shivamholidays.in/index8b56.html]
[shivamholidays.in/indexde1f.html]
[shivamholidays.in/indexc734.html]
[shivamholidays.in/indexebf2.html]
[shivamholidays.in/index3a92.html]
[shivamholidays.in/index15bb.html]
[shivamholidays.in/indexaaab.html]
